// Vitest Snapshot v1, https://vitest.dev/guide/snapshot.html

exports[`TenderLauncher > should render Dashboard 1`] = `<Memo(Dashboard) />`;
